// Jest Snapshot v1, https://goo.gl/fbAQLP

exports[`/ shows the correct snapshot tree for the / page 1`] = `
<h1>
  Hello.
</h1>
`;
